[25/04/2026 22:41] /ghost (params: )
[25/04/2026 22:43] /addskill level,GOD (params: level,GOD)
[25/04/2026 22:43] /addskill level,GOD (params: level,GOD)
[23/05/2026 06:44] /town thais (params: thais)
[23/05/2026 06:44] /i tibia coin (params: tibia coin)
[23/05/2026 06:45] /i tibia coins (params: tibia coins)
[23/05/2026 06:45] /i tibia coins, 500 (params: tibia coins, 500)
[23/05/2026 06:45] /i tibia coins, 500 (params: tibia coins, 500)
[23/05/2026 06:46] /i golden helmet (params: golden helmet)
[23/05/2026 06:53] /i demon helmet (params: demon helmet)
[23/05/2026 07:15] /i magic sword (params: magic sword)
[23/05/2026 07:36] /i tibia coins, 1600 (params: tibia coins, 1600)
[23/05/2026 08:50] /addskill GOD, level, 50 (params: GOD, level, 50)
[23/05/2026 08:50] /addskill GOD, level, 50 (params: GOD, level, 50)
[23/05/2026 08:51] /attr set attack, 300 (params: set attack, 300)
[23/05/2026 08:52] /addskill GOD, magic level, 100 (params: GOD, magic level, 100)
[23/05/2026 08:52] /addskill GOD, magic level, 1 (params: GOD, magic level, 1)
[23/05/2026 08:53] /goto morgaroth (params: morgaroth)
[23/05/2026 08:53] /goto demon (params: demon)
[23/05/2026 08:53] /goto demon (params: demon)
[23/05/2026 08:55] /m morgaroth (params: morgaroth)
[23/05/2026 08:55] /c morgaroth (params: morgaroth)
[23/05/2026 08:59] /s morgaroth (params: morgaroth)
[23/05/2026 09:01] /s ferumbras (params: ferumbras)
[23/05/2026 09:02] /s infernatil (params: infernatil)
[23/05/2026 09:02] /s gazbaranh (params: gazbaranh)
[23/05/2026 09:02] /s ghazbaran (params: ghazbaran)
[23/05/2026 09:05] /goto orshabaal (params: orshabaal)
[23/05/2026 09:06] /town roshamuul (params: roshamuul)
[23/05/2026 09:15] /i magic sword (params: magic sword)
[23/05/2026 09:15] /town thais (params: thais)
[23/05/2026 09:17] /town (params: )
[23/05/2026 09:18] /i adventure crystal (params: adventure crystal)
[23/05/2026 09:22] /save (params: )
[24/05/2026 06:41] /i adventurer stone (params: adventurer stone)
[24/05/2026 06:47] /i Adventurer's stone (params: Adventurer's stone)
[24/05/2026 06:48] /i silver token, 100 (params: silver token, 100)
[24/05/2026 06:50] /i silver token, 100 (params: silver token, 100)
[24/05/2026 06:50] /i silver token, 100 (params: silver token, 100)
[24/05/2026 06:50] /i silver token, 100 (params: silver token, 100)
[24/05/2026 06:52] /m morgaroth (params: morgaroth)
[24/05/2026 07:00] /s bazir (params: bazir)
[24/05/2026 07:00] /s bazir (params: bazir)
[24/05/2026 07:00] /s bazir (params: bazir)
[24/05/2026 07:01] /m ferumbras (params: ferumbras)
[24/05/2026 07:03] /m demon (params: demon)
[24/05/2026 07:03] /m ghazbaran (params: ghazbaran)
[27/05/2026 06:38] /town 1 (params: 1)
[27/05/2026 06:38] /ghost (params: )
[27/05/2026 06:38] /town 3 (params: 3)
[27/05/2026 06:38] /town 2 (params: 2)
[27/05/2026 06:38] /town 3 (params: 3)
[27/05/2026 06:38] /town 4 (params: 4)
[27/05/2026 06:39] /town 5 (params: 5)
[27/05/2026 06:39] /town 6 (params: 6)
[27/05/2026 06:39] /town 8 (params: 8)
[27/05/2026 06:42] /town (params: )
[27/05/2026 06:42] /town 1 (params: 1)
[27/05/2026 06:50] /up (params: )
[27/05/2026 06:50] /up (params: )
[27/05/2026 06:50] /up (params: )
[27/05/2026 06:52] /down (params: )
[27/05/2026 07:00] /town 1 (params: 1)
[27/05/2026 07:01] /town 1/town 1 (params: 1/town 1)
[27/05/2026 07:01] /town 1 (params: 1)
[27/05/2026 07:03] /town 1 (params: 1)
[30/05/2026 03:40] /town 1 (params: 1)
[30/05/2026 03:41] /ghost (params: )
[30/05/2026 03:55] /town 1 (params: 1)
[30/05/2026 03:56] /t (params: )
[30/05/2026 03:56] /town 1 (params: 1)
[30/05/2026 03:59] /ghost (params: )
