[23/05/2026 05:44] /t (params: )
[23/05/2026 05:44] /t thais (params: thais)
[23/05/2026 05:44] /t thais (params: thais)
[23/05/2026 05:44] /town thais (params: thais)
[23/05/2026 05:49] /town (params: )
[23/05/2026 06:29] /i crystal coin (params: crystal coin)
[23/05/2026 06:29] /i crystal coin 100 (params: crystal coin 100)
[23/05/2026 06:29] /i crystal coin 100 (params: crystal coin 100)
[23/05/2026 06:30] /i 3043 (params: 3043)
[23/05/2026 06:30] /i 3043, 100 (params: 3043, 100)
[23/05/2026 06:30] /i 3043, 100 (params: 3043, 100)
[23/05/2026 06:31] /i solar sword (params: solar sword)
[23/05/2026 06:31] /i magic sword (params: magic sword)
[30/05/2026 04:01] /town 1 (params: 1)
[30/05/2026 04:01] /t (params: )
[30/05/2026 04:01] /t 2 (params: 2)
[30/05/2026 04:01] /t 3 (params: 3)
[30/05/2026 04:01] /t 4 (params: 4)
[30/05/2026 04:01] /town 2 (params: 2)
[31/05/2026 01:29] /ghost (params: )
[31/05/2026 01:30] /town 1 (params: 1)
[31/05/2026 01:31] /town 1 (params: 1)
[31/05/2026 01:33] /i demon helmet (params: demon helmet)
[31/05/2026 01:33] /i demon legs (params: demon legs)
[31/05/2026 01:33] /i boots of haste (params: boots of haste)
[31/05/2026 01:33] /i demon armor (params: demon armor)
[31/05/2026 01:33] /i blessed shield (params: blessed shield)
[31/05/2026 01:34] /i ice rodd (params: ice rodd)
[31/05/2026 01:34] /i crystal wand (params: crystal wand)
[31/05/2026 01:34] /i underworld rod (params: underworld rod)
[31/05/2026 01:40] /town 1 (params: 1)
[31/05/2026 02:04] /town 1 (params: 1)
[31/05/2026 02:05] /addskill Ricker, level, 100 (params: Ricker, level, 100)
[31/05/2026 02:08] /i demon hemlmet (params: demon hemlmet)
[31/05/2026 02:08] /i demon helmet (params: demon helmet)
[31/05/2026 02:08] /i demon armor (params: demon armor)
[31/05/2026 02:08] /i demon legs (params: demon legs)
[31/05/2026 02:08] /i blessed shield (params: blessed shield)
[31/05/2026 02:09] /i underworld rod (params: underworld rod)
[31/05/2026 02:09] /i boots of haste (params: boots of haste)
[31/05/2026 05:10] /town 1 (params: 1)
[01/06/2026 23:05] /town 1 (params: 1)
[01/06/2026 23:06] /town 1 (params: 1)
[01/06/2026 23:06] /town 14 (params: 14)
[01/06/2026 23:07] /town 14 (params: 14)
[01/06/2026 23:07] /town 14 (params: 14)
[01/06/2026 23:12] /m cobra (params: cobra)
[01/06/2026 23:17] /r (params: )
[01/06/2026 23:17] /r (params: )
[01/06/2026 23:22] /s morgaroth (params: morgaroth)
[01/06/2026 23:23] /addskill Ricker, Magic Level, 50 (params: Ricker, Magic Level, 50)
[01/06/2026 23:26] /addskill Ricker, Magic Level, 50 (params: Ricker, Magic Level, 50)
[01/06/2026 23:26] /addskill Ricker, Magic Level, 1 (params: Ricker, Magic Level, 1)
[01/06/2026 23:27] /town 14 (params: 14)
[01/06/2026 23:29] /i premium scroll (params: premium scroll)
[01/06/2026 23:33] /s morgaroth (params: morgaroth)
[01/06/2026 23:56] /goto gaffir (params: gaffir)
[01/06/2026 23:58] /goto Custodian (params: Custodian)
[02/06/2026 00:05] /goto king zelos (params: king zelos)
[02/06/2026 00:08] /town 1 (params: 1)
[02/06/2026 00:09] /ghost (params: )
[03/06/2026 04:32] /town issavi (params: issavi)
[03/06/2026 04:32] /goto issavi (params: issavi)
[03/06/2026 04:32] /town 22 (params: 22)
[03/06/2026 04:32] /town 15 (params: 15)
[03/06/2026 04:34] /ghost (params: )
[03/06/2026 04:44] /down (params: )
[03/06/2026 04:44] /down (params: )
[03/06/2026 04:44] /down (params: )
[03/06/2026 04:44] /up (params: )
[03/06/2026 04:44] /up (params: )
[03/06/2026 04:44] /up (params: )
[03/06/2026 04:45] /down (params: )
[03/06/2026 04:45] /down (params: )
[03/06/2026 04:45] /down (params: )
[03/06/2026 04:46] /down (params: )
